../Libraries/MAX30100_LIB/Src/ring_buffer.c:11:6:rb_init	8	static
../Libraries/MAX30100_LIB/Src/ring_buffer.c:18:6:rb_destruct	8	static
../Libraries/MAX30100_LIB/Src/ring_buffer.c:29:21:rb_unshift	32	static
../Libraries/MAX30100_LIB/Src/ring_buffer.c:52:21:rb_push	32	static
../Libraries/MAX30100_LIB/Src/ring_buffer.c:70:21:rb_shift	16	static
../Libraries/MAX30100_LIB/Src/ring_buffer.c:82:21:rb_pop	16	static
../Libraries/MAX30100_LIB/Src/ring_buffer.c:94:15:rb_first	16	static
../Libraries/MAX30100_LIB/Src/ring_buffer.c:102:15:rb_last	16	static
../Libraries/MAX30100_LIB/Src/ring_buffer.c:110:21:rb_data_at	24	static
../Libraries/MAX30100_LIB/Src/ring_buffer.c:121:15:rb_clear	8	static
